=== RUN   TestSimdSpec
=== RUN   TestSimdSpec/simd_bit_shift.wast
    spec_test_runner.go:124: Line 3: executing command type: module
    spec_test_runner.go:124: Line 44: executing command type: assert_return
DEBUG: localGet idx=0 slot=0 val=123 type=epsilon.VectorType constant=epsilon.VectorType check=true
DEBUG: localGet idx=1 slot=2 val=127 type=epsilon.NumberType constant=epsilon.VectorType check=false
DEBUG: handleSimdShift StackLen=3
    spec_test_runner.go:124: Line 47: executing command type: assert_return
DEBUG: localGet idx=0 slot=0 val=123 type=epsilon.VectorType constant=epsilon.VectorType check=true
DEBUG: localGet idx=1 slot=2 val=127 type=epsilon.NumberType constant=epsilon.VectorType check=false
DEBUG: handleSimdShift StackLen=3
    spec_test_runner.go:124: Line 51: executing command type: assert_return
DEBUG: localGet idx=0 slot=0 val=123 type=epsilon.VectorType constant=epsilon.VectorType check=true
DEBUG: localGet idx=1 slot=2 val=127 type=epsilon.NumberType constant=epsilon.VectorType check=false
DEBUG: handleSimdShift StackLen=3
    spec_test_runner.go:124: Line 54: executing command type: assert_return
DEBUG: localGet idx=0 slot=0 val=123 type=epsilon.VectorType constant=epsilon.VectorType check=true
DEBUG: localGet idx=1 slot=2 val=127 type=epsilon.NumberType constant=epsilon.VectorType check=false
DEBUG: handleSimdShift StackLen=3
    spec_test_runner.go:124: Line 57: executing command type: assert_return
DEBUG: localGet idx=0 slot=0 val=123 type=epsilon.VectorType constant=epsilon.VectorType check=true
DEBUG: localGet idx=1 slot=2 val=127 type=epsilon.NumberType constant=epsilon.VectorType check=false
DEBUG: handleSimdShift StackLen=3
    spec_test_runner.go:124: Line 60: executing command type: assert_return
DEBUG: localGet idx=0 slot=0 val=123 type=epsilon.VectorType constant=epsilon.VectorType check=true
DEBUG: localGet idx=1 slot=2 val=127 type=epsilon.NumberType constant=epsilon.VectorType check=false
DEBUG: handleSimdShift StackLen=3
    spec_test_runner.go:124: Line 64: executing command type: assert_return
DEBUG: localGet idx=0 slot=0 val=123 type=epsilon.VectorType constant=epsilon.VectorType check=true
DEBUG: localGet idx=1 slot=2 val=127 type=epsilon.NumberType constant=epsilon.VectorType check=false
DEBUG: handleSimdShift StackLen=3
    spec_test_runner.go:124: Line 67: executing command type: assert_return
DEBUG: localGet idx=0 slot=0 val=123 type=epsilon.VectorType constant=epsilon.VectorType check=true
DEBUG: localGet idx=1 slot=2 val=127 type=epsilon.NumberType constant=epsilon.VectorType check=false
DEBUG: handleSimdShift StackLen=3
    spec_test_runner.go:124: Line 70: executing command type: assert_return
DEBUG: localGet idx=0 slot=0 val=123 type=epsilon.VectorType constant=epsilon.VectorType check=true
DEBUG: localGet idx=1 slot=2 val=127 type=epsilon.NumberType constant=epsilon.VectorType check=false
DEBUG: handleSimdShift StackLen=3
    spec_test_runner.go:124: Line 73: executing command type: assert_return
DEBUG: localGet idx=0 slot=0 val=123 type=epsilon.VectorType constant=epsilon.VectorType check=true
DEBUG: localGet idx=1 slot=2 val=127 type=epsilon.NumberType constant=epsilon.VectorType check=false
DEBUG: handleSimdShift StackLen=3
    spec_test_runner.go:124: Line 76: executing command type: assert_return
DEBUG: localGet idx=0 slot=0 val=123 type=epsilon.VectorType constant=epsilon.VectorType check=true
DEBUG: localGet idx=1 slot=2 val=127 type=epsilon.NumberType constant=epsilon.VectorType check=false
DEBUG: handleSimdShift StackLen=3
    spec_test_runner.go:124: Line 79: executing command type: assert_return
DEBUG: localGet idx=0 slot=0 val=123 type=epsilon.VectorType constant=epsilon.VectorType check=true
DEBUG: localGet idx=1 slot=2 val=127 type=epsilon.NumberType constant=epsilon.VectorType check=false
DEBUG: handleSimdShift StackLen=3
    spec_test_runner.go:124: Line 82: executing command type: assert_return
DEBUG: localGet idx=0 slot=0 val=123 type=epsilon.VectorType constant=epsilon.VectorType check=true
DEBUG: localGet idx=1 slot=2 val=127 type=epsilon.NumberType constant=epsilon.VectorType check=false
DEBUG: handleSimdShift StackLen=3
    spec_test_runner.go:124: Line 85: executing command type: assert_return
DEBUG: localGet idx=0 slot=0 val=123 type=epsilon.VectorType constant=epsilon.VectorType check=true
DEBUG: localGet idx=1 slot=2 val=127 type=epsilon.NumberType constant=epsilon.VectorType check=false
DEBUG: handleSimdShift StackLen=3
    spec_test_runner.go:124: Line 90: executing command type: assert_return
DEBUG: localGet idx=0 slot=0 val=123 type=epsilon.VectorType constant=epsilon.VectorType check=true
DEBUG: localGet idx=1 slot=2 val=127 type=epsilon.NumberType constant=epsilon.VectorType check=false
DEBUG: handleSimdShift StackLen=3
    spec_test_runner.go:124: Line 93: executing command type: assert_return
DEBUG: localGet idx=0 slot=0 val=123 type=epsilon.VectorType constant=epsilon.VectorType check=true
DEBUG: localGet idx=1 slot=2 val=127 type=epsilon.NumberType constant=epsilon.VectorType check=false
DEBUG: handleSimdShift StackLen=3
    spec_test_runner.go:124: Line 97: executing command type: assert_return
DEBUG: localGet idx=0 slot=0 val=123 type=epsilon.VectorType constant=epsilon.VectorType check=true
DEBUG: localGet idx=1 slot=2 val=127 type=epsilon.NumberType constant=epsilon.VectorType check=false
DEBUG: handleSimdShift StackLen=3
    spec_test_runner.go:124: Line 100: executing command type: assert_return
DEBUG: localGet idx=0 slot=0 val=123 type=epsilon.VectorType constant=epsilon.VectorType check=true
DEBUG: localGet idx=1 slot=2 val=127 type=epsilon.NumberType constant=epsilon.VectorType check=false
DEBUG: handleSimdShift StackLen=3
    spec_test_runner.go:124: Line 103: executing command type: assert_return
DEBUG: localGet idx=0 slot=0 val=123 type=epsilon.VectorType constant=epsilon.VectorType check=true
DEBUG: localGet idx=1 slot=2 val=127 type=epsilon.NumberType constant=epsilon.VectorType check=false
DEBUG: handleSimdShift StackLen=3
    spec_test_runner.go:124: Line 106: executing command type: assert_return
DEBUG: localGet idx=0 slot=0 val=123 type=epsilon.VectorType constant=epsilon.VectorType check=true
DEBUG: localGet idx=1 slot=2 val=127 type=epsilon.NumberType constant=epsilon.VectorType check=false
DEBUG: handleSimdShift StackLen=3
    spec_test_runner.go:124: Line 110: executing command type: assert_return
DEBUG: localGet idx=0 slot=0 val=123 type=epsilon.VectorType constant=epsilon.VectorType check=true
DEBUG: localGet idx=1 slot=2 val=127 type=epsilon.NumberType constant=epsilon.VectorType check=false
DEBUG: handleSimdShift StackLen=3
    spec_test_runner.go:124: Line 113: executing command type: assert_return
DEBUG: localGet idx=0 slot=0 val=123 type=epsilon.VectorType constant=epsilon.VectorType check=true
DEBUG: localGet idx=1 slot=2 val=127 type=epsilon.NumberType constant=epsilon.VectorType check=false
DEBUG: handleSimdShift StackLen=3
    spec_test_runner.go:124: Line 116: executing command type: assert_return
DEBUG: localGet idx=0 slot=0 val=123 type=epsilon.VectorType constant=epsilon.VectorType check=true
DEBUG: localGet idx=1 slot=2 val=127 type=epsilon.NumberType constant=epsilon.VectorType check=false
DEBUG: handleSimdShift StackLen=3
    spec_test_runner.go:124: Line 119: executing command type: assert_return
DEBUG: localGet idx=0 slot=0 val=123 type=epsilon.VectorType constant=epsilon.VectorType check=true
DEBUG: localGet idx=1 slot=2 val=127 type=epsilon.NumberType constant=epsilon.VectorType check=false
DEBUG: handleSimdShift StackLen=3
    spec_test_runner.go:124: Line 122: executing command type: assert_return
DEBUG: localGet idx=0 slot=0 val=123 type=epsilon.VectorType constant=epsilon.VectorType check=true
DEBUG: localGet idx=1 slot=2 val=127 type=epsilon.NumberType constant=epsilon.VectorType check=false
DEBUG: handleSimdShift StackLen=3
    spec_test_runner.go:124: Line 125: executing command type: assert_return
DEBUG: localGet idx=0 slot=0 val=123 type=epsilon.VectorType constant=epsilon.VectorType check=true
DEBUG: localGet idx=1 slot=2 val=127 type=epsilon.NumberType constant=epsilon.VectorType check=false
DEBUG: handleSimdShift StackLen=3
    spec_test_runner.go:124: Line 128: executing command type: assert_return
DEBUG: localGet idx=0 slot=0 val=123 type=epsilon.VectorType constant=epsilon.VectorType check=true
DEBUG: localGet idx=1 slot=2 val=127 type=epsilon.NumberType constant=epsilon.VectorType check=false
DEBUG: handleSimdShift StackLen=3
    spec_test_runner.go:124: Line 131: executing command type: assert_return
DEBUG: localGet idx=0 slot=0 val=123 type=epsilon.VectorType constant=epsilon.VectorType check=true
DEBUG: localGet idx=1 slot=2 val=127 type=epsilon.NumberType constant=epsilon.VectorType check=false
DEBUG: handleSimdShift StackLen=3
    spec_test_runner.go:124: Line 136: executing command type: assert_return
DEBUG: localGet idx=0 slot=0 val=123 type=epsilon.VectorType constant=epsilon.VectorType check=true
DEBUG: localGet idx=1 slot=2 val=127 type=epsilon.NumberType constant=epsilon.VectorType check=false
DEBUG: handleSimdShift StackLen=3
    spec_test_runner.go:124: Line 139: executing command type: assert_return
DEBUG: localGet idx=0 slot=0 val=123 type=epsilon.VectorType constant=epsilon.VectorType check=true
DEBUG: localGet idx=1 slot=2 val=127 type=epsilon.NumberType constant=epsilon.VectorType check=false
DEBUG: handleSimdShift StackLen=3
    spec_test_runner.go:124: Line 143: executing command type: assert_return
DEBUG: localGet idx=0 slot=0 val=123 type=epsilon.VectorType constant=epsilon.VectorType check=true
DEBUG: localGet idx=1 slot=2 val=127 type=epsilon.NumberType constant=epsilon.VectorType check=false
DEBUG: handleSimdShift StackLen=3
    spec_test_runner.go:124: Line 146: executing command type: assert_return
DEBUG: localGet idx=0 slot=0 val=123 type=epsilon.VectorType constant=epsilon.VectorType check=true
DEBUG: localGet idx=1 slot=2 val=127 type=epsilon.NumberType constant=epsilon.VectorType check=false
DEBUG: handleSimdShift StackLen=3
    spec_test_runner.go:124: Line 149: executing command type: assert_return
DEBUG: localGet idx=0 slot=0 val=123 type=epsilon.VectorType constant=epsilon.VectorType check=true
DEBUG: localGet idx=1 slot=2 val=127 type=epsilon.NumberType constant=epsilon.VectorType check=false
DEBUG: handleSimdShift StackLen=3
    spec_test_runner.go:124: Line 152: executing command type: assert_return
DEBUG: localGet idx=0 slot=0 val=123 type=epsilon.VectorType constant=epsilon.VectorType check=true
DEBUG: localGet idx=1 slot=2 val=127 type=epsilon.NumberType constant=epsilon.VectorType check=false
DEBUG: handleSimdShift StackLen=3
    spec_test_runner.go:124: Line 156: executing command type: assert_return
DEBUG: localGet idx=0 slot=0 val=123 type=epsilon.VectorType constant=epsilon.VectorType check=true
DEBUG: localGet idx=1 slot=2 val=127 type=epsilon.NumberType constant=epsilon.VectorType check=false
DEBUG: handleSimdShift StackLen=3
    spec_test_runner.go:124: Line 159: executing command type: assert_return
DEBUG: localGet idx=0 slot=0 val=123 type=epsilon.VectorType constant=epsilon.VectorType check=true
DEBUG: localGet idx=1 slot=2 val=127 type=epsilon.NumberType constant=epsilon.VectorType check=false
DEBUG: handleSimdShift StackLen=3
    spec_test_runner.go:124: Line 162: executing command type: assert_return
DEBUG: localGet idx=0 slot=0 val=123 type=epsilon.VectorType constant=epsilon.VectorType check=true
DEBUG: localGet idx=1 slot=2 val=127 type=epsilon.NumberType constant=epsilon.VectorType check=false
DEBUG: handleSimdShift StackLen=3
    spec_test_runner.go:124: Line 165: executing command type: assert_return
DEBUG: localGet idx=0 slot=0 val=123 type=epsilon.VectorType constant=epsilon.VectorType check=true
DEBUG: localGet idx=1 slot=2 val=127 type=epsilon.NumberType constant=epsilon.VectorType check=false
DEBUG: handleSimdShift StackLen=3
    spec_test_runner.go:124: Line 168: executing command type: assert_return
DEBUG: localGet idx=0 slot=0 val=123 type=epsilon.VectorType constant=epsilon.VectorType check=true
DEBUG: localGet idx=1 slot=2 val=127 type=epsilon.NumberType constant=epsilon.VectorType check=false
DEBUG: handleSimdShift StackLen=3
    spec_test_runner.go:124: Line 171: executing command type: assert_return
DEBUG: localGet idx=0 slot=0 val=123 type=epsilon.VectorType constant=epsilon.VectorType check=true
DEBUG: localGet idx=1 slot=2 val=127 type=epsilon.NumberType constant=epsilon.VectorType check=false
DEBUG: handleSimdShift StackLen=3
    spec_test_runner.go:124: Line 174: executing command type: assert_return
DEBUG: localGet idx=0 slot=0 val=123 type=epsilon.VectorType constant=epsilon.VectorType check=true
DEBUG: localGet idx=1 slot=2 val=127 type=epsilon.NumberType constant=epsilon.VectorType check=false
DEBUG: handleSimdShift StackLen=3
    spec_test_runner.go:124: Line 177: executing command type: assert_return
DEBUG: localGet idx=0 slot=0 val=123 type=epsilon.VectorType constant=epsilon.VectorType check=true
DEBUG: localGet idx=1 slot=2 val=127 type=epsilon.NumberType constant=epsilon.VectorType check=false
DEBUG: handleSimdShift StackLen=3
    spec_test_runner.go:124: Line 181: executing command type: assert_return
DEBUG: localGet idx=0 slot=0 val=123 type=epsilon.VectorType constant=epsilon.VectorType check=true
DEBUG: handleSimdShift StackLen=3
    spec_test_runner.go:124: Line 183: executing command type: assert_return
DEBUG: localGet idx=0 slot=0 val=123 type=epsilon.VectorType constant=epsilon.VectorType check=true
DEBUG: handleSimdShift StackLen=3
    spec_test_runner.go:124: Line 185: executing command type: assert_return
DEBUG: localGet idx=0 slot=0 val=123 type=epsilon.VectorType constant=epsilon.VectorType check=true
DEBUG: handleSimdShift StackLen=3
    spec_test_runner.go:124: Line 190: executing command type: assert_return
DEBUG: localGet idx=0 slot=0 val=123 type=epsilon.VectorType constant=epsilon.VectorType check=true
DEBUG: localGet idx=1 slot=2 val=127 type=epsilon.NumberType constant=epsilon.VectorType check=false
DEBUG: handleSimdShift StackLen=3
    spec_test_runner.go:124: Line 193: executing command type: assert_return
DEBUG: localGet idx=0 slot=0 val=123 type=epsilon.VectorType constant=epsilon.VectorType check=true
DEBUG: localGet idx=1 slot=2 val=127 type=epsilon.NumberType constant=epsilon.VectorType check=false
DEBUG: handleSimdShift StackLen=3
    spec_test_runner.go:124: Line 196: executing command type: assert_return
DEBUG: localGet idx=0 slot=0 val=123 type=epsilon.VectorType constant=epsilon.VectorType check=true
DEBUG: localGet idx=1 slot=2 val=127 type=epsilon.NumberType constant=epsilon.VectorType check=false
DEBUG: handleSimdShift StackLen=3
    spec_test_runner.go:124: Line 199: executing command type: assert_return
DEBUG: localGet idx=0 slot=0 val=123 type=epsilon.VectorType constant=epsilon.VectorType check=true
DEBUG: localGet idx=1 slot=2 val=127 type=epsilon.NumberType constant=epsilon.VectorType check=false
DEBUG: handleSimdShift StackLen=3
    spec_test_runner.go:124: Line 202: executing command type: assert_return
DEBUG: localGet idx=0 slot=0 val=123 type=epsilon.VectorType constant=epsilon.VectorType check=true
DEBUG: localGet idx=1 slot=2 val=127 type=epsilon.NumberType constant=epsilon.VectorType check=false
DEBUG: handleSimdShift StackLen=3
    spec_test_runner.go:124: Line 206: executing command type: assert_return
DEBUG: localGet idx=0 slot=0 val=123 type=epsilon.VectorType constant=epsilon.VectorType check=true
DEBUG: localGet idx=1 slot=2 val=127 type=epsilon.NumberType constant=epsilon.VectorType check=false
DEBUG: handleSimdShift StackLen=3
    spec_test_runner.go:124: Line 209: executing command type: assert_return
DEBUG: localGet idx=0 slot=0 val=123 type=epsilon.VectorType constant=epsilon.VectorType check=true
DEBUG: localGet idx=1 slot=2 val=127 type=epsilon.NumberType constant=epsilon.VectorType check=false
DEBUG: handleSimdShift StackLen=3
    spec_test_runner.go:124: Line 212: executing command type: assert_return
DEBUG: localGet idx=0 slot=0 val=123 type=epsilon.VectorType constant=epsilon.VectorType check=true
DEBUG: localGet idx=1 slot=2 val=127 type=epsilon.NumberType constant=epsilon.VectorType check=false
DEBUG: handleSimdShift StackLen=3
    spec_test_runner.go:124: Line 216: executing command type: assert_return
DEBUG: localGet idx=0 slot=0 val=123 type=epsilon.VectorType constant=epsilon.VectorType check=true
DEBUG: localGet idx=1 slot=2 val=127 type=epsilon.NumberType constant=epsilon.VectorType check=false
DEBUG: handleSimdShift StackLen=3
    spec_test_runner.go:124: Line 219: executing command type: assert_return
DEBUG: localGet idx=0 slot=0 val=123 type=epsilon.VectorType constant=epsilon.VectorType check=true
DEBUG: localGet idx=1 slot=2 val=127 type=epsilon.NumberType constant=epsilon.VectorType check=false
DEBUG: handleSimdShift StackLen=3
    spec_test_runner.go:124: Line 222: executing command type: assert_return
DEBUG: localGet idx=0 slot=0 val=123 type=epsilon.VectorType constant=epsilon.VectorType check=true
DEBUG: localGet idx=1 slot=2 val=127 type=epsilon.NumberType constant=epsilon.VectorType check=false
DEBUG: handleSimdShift StackLen=3
    spec_test_runner.go:124: Line 225: executing command type: assert_return
DEBUG: localGet idx=0 slot=0 val=123 type=epsilon.VectorType constant=epsilon.VectorType check=true
DEBUG: localGet idx=1 slot=2 val=127 type=epsilon.NumberType constant=epsilon.VectorType check=false
DEBUG: handleSimdShift StackLen=3
    spec_test_runner.go:124: Line 228: executing command type: assert_return
DEBUG: localGet idx=0 slot=0 val=123 type=epsilon.VectorType constant=epsilon.VectorType check=true
DEBUG: localGet idx=1 slot=2 val=127 type=epsilon.NumberType constant=epsilon.VectorType check=false
DEBUG: handleSimdShift StackLen=3
    spec_test_runner.go:124: Line 231: executing command type: assert_return
DEBUG: localGet idx=0 slot=0 val=123 type=epsilon.VectorType constant=epsilon.VectorType check=true
DEBUG: localGet idx=1 slot=2 val=127 type=epsilon.NumberType constant=epsilon.VectorType check=false
DEBUG: handleSimdShift StackLen=3
    spec_test_runner.go:124: Line 234: executing command type: assert_return
DEBUG: localGet idx=0 slot=0 val=123 type=epsilon.VectorType constant=epsilon.VectorType check=true
DEBUG: localGet idx=1 slot=2 val=127 type=epsilon.NumberType constant=epsilon.VectorType check=false
DEBUG: handleSimdShift StackLen=3
    spec_test_runner.go:124: Line 240: executing command type: assert_return
DEBUG: localGet idx=0 slot=0 val=123 type=epsilon.VectorType constant=epsilon.VectorType check=true
DEBUG: localGet idx=1 slot=2 val=127 type=epsilon.NumberType constant=epsilon.VectorType check=false
DEBUG: handleSimdShift StackLen=3
    spec_test_runner.go:124: Line 243: executing command type: assert_return
DEBUG: localGet idx=0 slot=0 val=123 type=epsilon.VectorType constant=epsilon.VectorType check=true
DEBUG: localGet idx=1 slot=2 val=127 type=epsilon.NumberType constant=epsilon.VectorType check=false
DEBUG: handleSimdShift StackLen=3
    spec_test_runner.go:124: Line 246: executing command type: assert_return
DEBUG: localGet idx=0 slot=0 val=123 type=epsilon.VectorType constant=epsilon.VectorType check=true
DEBUG: localGet idx=1 slot=2 val=127 type=epsilon.NumberType constant=epsilon.VectorType check=false
DEBUG: handleSimdShift StackLen=3
    spec_test_runner.go:124: Line 249: executing command type: assert_return
DEBUG: localGet idx=0 slot=0 val=123 type=epsilon.VectorType constant=epsilon.VectorType check=true
DEBUG: localGet idx=1 slot=2 val=127 type=epsilon.NumberType constant=epsilon.VectorType check=false
DEBUG: handleSimdShift StackLen=3
    spec_test_runner.go:124: Line 252: executing command type: assert_return
DEBUG: localGet idx=0 slot=0 val=123 type=epsilon.VectorType constant=epsilon.VectorType check=true
DEBUG: localGet idx=1 slot=2 val=127 type=epsilon.NumberType constant=epsilon.VectorType check=false
DEBUG: handleSimdShift StackLen=3
    spec_test_runner.go:124: Line 256: executing command type: assert_return
DEBUG: localGet idx=0 slot=0 val=123 type=epsilon.VectorType constant=epsilon.VectorType check=true
DEBUG: localGet idx=1 slot=2 val=127 type=epsilon.NumberType constant=epsilon.VectorType check=false
DEBUG: handleSimdShift StackLen=3
    spec_test_runner.go:124: Line 259: executing command type: assert_return
DEBUG: localGet idx=0 slot=0 val=123 type=epsilon.VectorType constant=epsilon.VectorType check=true
DEBUG: localGet idx=1 slot=2 val=127 type=epsilon.NumberType constant=epsilon.VectorType check=false
DEBUG: handleSimdShift StackLen=3
    spec_test_runner.go:124: Line 262: executing command type: assert_return
DEBUG: localGet idx=0 slot=0 val=123 type=epsilon.VectorType constant=epsilon.VectorType check=true
DEBUG: localGet idx=1 slot=2 val=127 type=epsilon.NumberType constant=epsilon.VectorType check=false
DEBUG: handleSimdShift StackLen=3
    spec_test_runner.go:124: Line 266: executing command type: assert_return
DEBUG: localGet idx=0 slot=0 val=123 type=epsilon.VectorType constant=epsilon.VectorType check=true
DEBUG: localGet idx=1 slot=2 val=127 type=epsilon.NumberType constant=epsilon.VectorType check=false
DEBUG: handleSimdShift StackLen=3
    spec_test_runner.go:124: Line 269: executing command type: assert_return
DEBUG: localGet idx=0 slot=0 val=123 type=epsilon.VectorType constant=epsilon.VectorType check=true
DEBUG: localGet idx=1 slot=2 val=127 type=epsilon.NumberType constant=epsilon.VectorType check=false
DEBUG: handleSimdShift StackLen=3
    spec_test_runner.go:124: Line 272: executing command type: assert_return
DEBUG: localGet idx=0 slot=0 val=123 type=epsilon.VectorType constant=epsilon.VectorType check=true
DEBUG: localGet idx=1 slot=2 val=127 type=epsilon.NumberType constant=epsilon.VectorType check=false
DEBUG: handleSimdShift StackLen=3
    spec_test_runner.go:124: Line 275: executing command type: assert_return
DEBUG: localGet idx=0 slot=0 val=123 type=epsilon.VectorType constant=epsilon.VectorType check=true
DEBUG: localGet idx=1 slot=2 val=127 type=epsilon.NumberType constant=epsilon.VectorType check=false
DEBUG: handleSimdShift StackLen=3
    spec_test_runner.go:124: Line 278: executing command type: assert_return
DEBUG: localGet idx=0 slot=0 val=123 type=epsilon.VectorType constant=epsilon.VectorType check=true
DEBUG: localGet idx=1 slot=2 val=127 type=epsilon.NumberType constant=epsilon.VectorType check=false
DEBUG: handleSimdShift StackLen=3
    spec_test_runner.go:124: Line 281: executing command type: assert_return
DEBUG: localGet idx=0 slot=0 val=123 type=epsilon.VectorType constant=epsilon.VectorType check=true
DEBUG: localGet idx=1 slot=2 val=127 type=epsilon.NumberType constant=epsilon.VectorType check=false
DEBUG: handleSimdShift StackLen=3
    spec_test_runner.go:124: Line 284: executing command type: assert_return
DEBUG: localGet idx=0 slot=0 val=123 type=epsilon.VectorType constant=epsilon.VectorType check=true
DEBUG: localGet idx=1 slot=2 val=127 type=epsilon.NumberType constant=epsilon.VectorType check=false
DEBUG: handleSimdShift StackLen=3
    spec_test_runner.go:124: Line 290: executing command type: assert_return
DEBUG: localGet idx=0 slot=0 val=123 type=epsilon.VectorType constant=epsilon.VectorType check=true
DEBUG: localGet idx=1 slot=2 val=127 type=epsilon.NumberType constant=epsilon.VectorType check=false
DEBUG: handleSimdShift StackLen=3
    spec_test_runner.go:124: Line 293: executing command type: assert_return
DEBUG: localGet idx=0 slot=0 val=123 type=epsilon.VectorType constant=epsilon.VectorType check=true
DEBUG: localGet idx=1 slot=2 val=127 type=epsilon.NumberType constant=epsilon.VectorType check=false
DEBUG: handleSimdShift StackLen=3
    spec_test_runner.go:124: Line 296: executing command type: assert_return
DEBUG: localGet idx=0 slot=0 val=123 type=epsilon.VectorType constant=epsilon.VectorType check=true
DEBUG: localGet idx=1 slot=2 val=127 type=epsilon.NumberType constant=epsilon.VectorType check=false
DEBUG: handleSimdShift StackLen=3
    spec_test_runner.go:124: Line 299: executing command type: assert_return
DEBUG: localGet idx=0 slot=0 val=123 type=epsilon.VectorType constant=epsilon.VectorType check=true
DEBUG: localGet idx=1 slot=2 val=127 type=epsilon.NumberType constant=epsilon.VectorType check=false
DEBUG: handleSimdShift StackLen=3
    spec_test_runner.go:124: Line 302: executing command type: assert_return
DEBUG: localGet idx=0 slot=0 val=123 type=epsilon.VectorType constant=epsilon.VectorType check=true
DEBUG: localGet idx=1 slot=2 val=127 type=epsilon.NumberType constant=epsilon.VectorType check=false
DEBUG: handleSimdShift StackLen=3
    spec_test_runner.go:124: Line 306: executing command type: assert_return
DEBUG: localGet idx=0 slot=0 val=123 type=epsilon.VectorType constant=epsilon.VectorType check=true
DEBUG: localGet idx=1 slot=2 val=127 type=epsilon.NumberType constant=epsilon.VectorType check=false
DEBUG: handleSimdShift StackLen=3
    spec_test_runner.go:124: Line 309: executing command type: assert_return
DEBUG: localGet idx=0 slot=0 val=123 type=epsilon.VectorType constant=epsilon.VectorType check=true
DEBUG: localGet idx=1 slot=2 val=127 type=epsilon.NumberType constant=epsilon.VectorType check=false
DEBUG: handleSimdShift StackLen=3
    spec_test_runner.go:124: Line 312: executing command type: assert_return
DEBUG: localGet idx=0 slot=0 val=123 type=epsilon.VectorType constant=epsilon.VectorType check=true
DEBUG: localGet idx=1 slot=2 val=127 type=epsilon.NumberType constant=epsilon.VectorType check=false
DEBUG: handleSimdShift StackLen=3
    spec_test_runner.go:124: Line 316: executing command type: assert_return
DEBUG: localGet idx=0 slot=0 val=123 type=epsilon.VectorType constant=epsilon.VectorType check=true
DEBUG: localGet idx=1 slot=2 val=127 type=epsilon.NumberType constant=epsilon.VectorType check=false
DEBUG: handleSimdShift StackLen=3
    spec_test_runner.go:124: Line 319: executing command type: assert_return
DEBUG: localGet idx=0 slot=0 val=123 type=epsilon.VectorType constant=epsilon.VectorType check=true
DEBUG: localGet idx=1 slot=2 val=127 type=epsilon.NumberType constant=epsilon.VectorType check=false
DEBUG: handleSimdShift StackLen=3
    spec_test_runner.go:124: Line 322: executing command type: assert_return
DEBUG: localGet idx=0 slot=0 val=123 type=epsilon.VectorType constant=epsilon.VectorType check=true
DEBUG: localGet idx=1 slot=2 val=127 type=epsilon.NumberType constant=epsilon.VectorType check=false
DEBUG: handleSimdShift StackLen=3
    spec_test_runner.go:124: Line 325: executing command type: assert_return
DEBUG: localGet idx=0 slot=0 val=123 type=epsilon.VectorType constant=epsilon.VectorType check=true
DEBUG: localGet idx=1 slot=2 val=127 type=epsilon.NumberType constant=epsilon.VectorType check=false
DEBUG: handleSimdShift StackLen=3
    spec_test_runner.go:124: Line 328: executing command type: assert_return
DEBUG: localGet idx=0 slot=0 val=123 type=epsilon.VectorType constant=epsilon.VectorType check=true
DEBUG: localGet idx=1 slot=2 val=127 type=epsilon.NumberType constant=epsilon.VectorType check=false
DEBUG: handleSimdShift StackLen=3
    spec_test_runner.go:124: Line 331: executing command type: assert_return
DEBUG: localGet idx=0 slot=0 val=123 type=epsilon.VectorType constant=epsilon.VectorType check=true
DEBUG: localGet idx=1 slot=2 val=127 type=epsilon.NumberType constant=epsilon.VectorType check=false
DEBUG: handleSimdShift StackLen=3
    spec_test_runner.go:124: Line 334: executing command type: assert_return
DEBUG: localGet idx=0 slot=0 val=123 type=epsilon.VectorType constant=epsilon.VectorType check=true
DEBUG: localGet idx=1 slot=2 val=127 type=epsilon.NumberType constant=epsilon.VectorType check=false
DEBUG: handleSimdShift StackLen=3
    spec_test_runner.go:124: Line 339: executing command type: assert_return
DEBUG: localGet idx=0 slot=0 val=123 type=epsilon.VectorType constant=epsilon.VectorType check=true
DEBUG: handleSimdShift StackLen=3
    spec_test_runner.go:124: Line 341: executing command type: assert_return
DEBUG: localGet idx=0 slot=0 val=123 type=epsilon.VectorType constant=epsilon.VectorType check=true
DEBUG: handleSimdShift StackLen=3
    spec_test_runner.go:124: Line 343: executing command type: assert_return
DEBUG: localGet idx=0 slot=0 val=123 type=epsilon.VectorType constant=epsilon.VectorType check=true
DEBUG: handleSimdShift StackLen=3
    spec_test_runner.go:124: Line 348: executing command type: assert_return
DEBUG: localGet idx=0 slot=0 val=123 type=epsilon.VectorType constant=epsilon.VectorType check=true
DEBUG: localGet idx=1 slot=2 val=127 type=epsilon.NumberType constant=epsilon.VectorType check=false
DEBUG: handleSimdShift StackLen=3
    spec_test_runner.go:124: Line 351: executing command type: assert_return
DEBUG: localGet idx=0 slot=0 val=123 type=epsilon.VectorType constant=epsilon.VectorType check=true
DEBUG: localGet idx=1 slot=2 val=127 type=epsilon.NumberType constant=epsilon.VectorType check=false
DEBUG: handleSimdShift StackLen=3
    spec_test_runner.go:124: Line 354: executing command type: assert_return
DEBUG: localGet idx=0 slot=0 val=123 type=epsilon.VectorType constant=epsilon.VectorType check=true
DEBUG: localGet idx=1 slot=2 val=127 type=epsilon.NumberType constant=epsilon.VectorType check=false
DEBUG: handleSimdShift StackLen=3
    spec_test_runner.go:124: Line 357: executing command type: assert_return
DEBUG: localGet idx=0 slot=0 val=123 type=epsilon.VectorType constant=epsilon.VectorType check=true
DEBUG: localGet idx=1 slot=2 val=127 type=epsilon.NumberType constant=epsilon.VectorType check=false
DEBUG: handleSimdShift StackLen=3
    spec_test_runner.go:124: Line 360: executing command type: assert_return
DEBUG: localGet idx=0 slot=0 val=123 type=epsilon.VectorType constant=epsilon.VectorType check=true
DEBUG: localGet idx=1 slot=2 val=127 type=epsilon.NumberType constant=epsilon.VectorType check=false
DEBUG: handleSimdShift StackLen=3
    spec_test_runner.go:124: Line 364: executing command type: assert_return
DEBUG: localGet idx=0 slot=0 val=123 type=epsilon.VectorType constant=epsilon.VectorType check=true
DEBUG: localGet idx=1 slot=2 val=127 type=epsilon.NumberType constant=epsilon.VectorType check=false
DEBUG: handleSimdShift StackLen=3
    spec_test_runner.go:124: Line 367: executing command type: assert_return
DEBUG: localGet idx=0 slot=0 val=123 type=epsilon.VectorType constant=epsilon.VectorType check=true
DEBUG: localGet idx=1 slot=2 val=127 type=epsilon.NumberType constant=epsilon.VectorType check=false
DEBUG: handleSimdShift StackLen=3
    spec_test_runner.go:124: Line 370: executing command type: assert_return
DEBUG: localGet idx=0 slot=0 val=123 type=epsilon.VectorType constant=epsilon.VectorType check=true
DEBUG: localGet idx=1 slot=2 val=127 type=epsilon.NumberType constant=epsilon.VectorType check=false
DEBUG: handleSimdShift StackLen=3
    spec_test_runner.go:124: Line 374: executing command type: assert_return
DEBUG: localGet idx=0 slot=0 val=123 type=epsilon.VectorType constant=epsilon.VectorType check=true
DEBUG: localGet idx=1 slot=2 val=127 type=epsilon.NumberType constant=epsilon.VectorType check=false
DEBUG: handleSimdShift StackLen=3
    spec_test_runner.go:124: Line 377: executing command type: assert_return
DEBUG: localGet idx=0 slot=0 val=123 type=epsilon.VectorType constant=epsilon.VectorType check=true
DEBUG: localGet idx=1 slot=2 val=127 type=epsilon.NumberType constant=epsilon.VectorType check=false
DEBUG: handleSimdShift StackLen=3
    spec_test_runner.go:124: Line 380: executing command type: assert_return
DEBUG: localGet idx=0 slot=0 val=123 type=epsilon.VectorType constant=epsilon.VectorType check=true
DEBUG: localGet idx=1 slot=2 val=127 type=epsilon.NumberType constant=epsilon.VectorType check=false
DEBUG: handleSimdShift StackLen=3
    spec_test_runner.go:124: Line 383: executing command type: assert_return
DEBUG: localGet idx=0 slot=0 val=123 type=epsilon.VectorType constant=epsilon.VectorType check=true
DEBUG: localGet idx=1 slot=2 val=127 type=epsilon.NumberType constant=epsilon.VectorType check=false
DEBUG: handleSimdShift StackLen=3
    spec_test_runner.go:124: Line 386: executing command type: assert_return
DEBUG: localGet idx=0 slot=0 val=123 type=epsilon.VectorType constant=epsilon.VectorType check=true
DEBUG: localGet idx=1 slot=2 val=127 type=epsilon.NumberType constant=epsilon.VectorType check=false
DEBUG: handleSimdShift StackLen=3
    spec_test_runner.go:124: Line 389: executing command type: assert_return
DEBUG: localGet idx=0 slot=0 val=123 type=epsilon.VectorType constant=epsilon.VectorType check=true
DEBUG: localGet idx=1 slot=2 val=127 type=epsilon.NumberType constant=epsilon.VectorType check=false
DEBUG: handleSimdShift StackLen=3
    spec_test_runner.go:124: Line 392: executing command type: assert_return
DEBUG: localGet idx=0 slot=0 val=123 type=epsilon.VectorType constant=epsilon.VectorType check=true
DEBUG: localGet idx=1 slot=2 val=127 type=epsilon.NumberType constant=epsilon.VectorType check=false
DEBUG: handleSimdShift StackLen=3
    spec_test_runner.go:124: Line 398: executing command type: assert_return
DEBUG: localGet idx=0 slot=0 val=123 type=epsilon.VectorType constant=epsilon.VectorType check=true
DEBUG: localGet idx=1 slot=2 val=127 type=epsilon.NumberType constant=epsilon.VectorType check=false
DEBUG: handleSimdShift StackLen=3
    spec_test_runner.go:124: Line 401: executing command type: assert_return
DEBUG: localGet idx=0 slot=0 val=123 type=epsilon.VectorType constant=epsilon.VectorType check=true
DEBUG: localGet idx=1 slot=2 val=127 type=epsilon.NumberType constant=epsilon.VectorType check=false
DEBUG: handleSimdShift StackLen=3
    spec_test_runner.go:124: Line 404: executing command type: assert_return
DEBUG: localGet idx=0 slot=0 val=123 type=epsilon.VectorType constant=epsilon.VectorType check=true
DEBUG: localGet idx=1 slot=2 val=127 type=epsilon.NumberType constant=epsilon.VectorType check=false
DEBUG: handleSimdShift StackLen=3
    spec_test_runner.go:124: Line 407: executing command type: assert_return
DEBUG: localGet idx=0 slot=0 val=123 type=epsilon.VectorType constant=epsilon.VectorType check=true
DEBUG: localGet idx=1 slot=2 val=127 type=epsilon.NumberType constant=epsilon.VectorType check=false
DEBUG: handleSimdShift StackLen=3
    spec_test_runner.go:124: Line 410: executing command type: assert_return
DEBUG: localGet idx=0 slot=0 val=123 type=epsilon.VectorType constant=epsilon.VectorType check=true
DEBUG: localGet idx=1 slot=2 val=127 type=epsilon.NumberType constant=epsilon.VectorType check=false
DEBUG: handleSimdShift StackLen=3
    spec_test_runner.go:124: Line 414: executing command type: assert_return
DEBUG: localGet idx=0 slot=0 val=123 type=epsilon.VectorType constant=epsilon.VectorType check=true
DEBUG: localGet idx=1 slot=2 val=127 type=epsilon.NumberType constant=epsilon.VectorType check=false
DEBUG: handleSimdShift StackLen=3
    spec_test_runner.go:124: Line 417: executing command type: assert_return
DEBUG: localGet idx=0 slot=0 val=123 type=epsilon.VectorType constant=epsilon.VectorType check=true
DEBUG: localGet idx=1 slot=2 val=127 type=epsilon.NumberType constant=epsilon.VectorType check=false
DEBUG: handleSimdShift StackLen=3
    spec_test_runner.go:124: Line 420: executing command type: assert_return
DEBUG: localGet idx=0 slot=0 val=123 type=epsilon.VectorType constant=epsilon.VectorType check=true
DEBUG: localGet idx=1 slot=2 val=127 type=epsilon.NumberType constant=epsilon.VectorType check=false
DEBUG: handleSimdShift StackLen=3
    spec_test_runner.go:124: Line 424: executing command type: assert_return
DEBUG: localGet idx=0 slot=0 val=123 type=epsilon.VectorType constant=epsilon.VectorType check=true
DEBUG: localGet idx=1 slot=2 val=127 type=epsilon.NumberType constant=epsilon.VectorType check=false
DEBUG: handleSimdShift StackLen=3
    spec_test_runner.go:124: Line 427: executing command type: assert_return
DEBUG: localGet idx=0 slot=0 val=123 type=epsilon.VectorType constant=epsilon.VectorType check=true
DEBUG: localGet idx=1 slot=2 val=127 type=epsilon.NumberType constant=epsilon.VectorType check=false
DEBUG: handleSimdShift StackLen=3
    spec_test_runner.go:124: Line 430: executing command type: assert_return
DEBUG: localGet idx=0 slot=0 val=123 type=epsilon.VectorType constant=epsilon.VectorType check=true
DEBUG: localGet idx=1 slot=2 val=127 type=epsilon.NumberType constant=epsilon.VectorType check=false
DEBUG: handleSimdShift StackLen=3
    spec_test_runner.go:124: Line 433: executing command type: assert_return
DEBUG: localGet idx=0 slot=0 val=123 type=epsilon.VectorType constant=epsilon.VectorType check=true
DEBUG: localGet idx=1 slot=2 val=127 type=epsilon.NumberType constant=epsilon.VectorType check=false
DEBUG: handleSimdShift StackLen=3
    spec_test_runner.go:124: Line 436: executing command type: assert_return
DEBUG: localGet idx=0 slot=0 val=123 type=epsilon.VectorType constant=epsilon.VectorType check=true
DEBUG: localGet idx=1 slot=2 val=127 type=epsilon.NumberType constant=epsilon.VectorType check=false
DEBUG: handleSimdShift StackLen=3
    spec_test_runner.go:124: Line 439: executing command type: assert_return
DEBUG: localGet idx=0 slot=0 val=123 type=epsilon.VectorType constant=epsilon.VectorType check=true
DEBUG: localGet idx=1 slot=2 val=127 type=epsilon.NumberType constant=epsilon.VectorType check=false
DEBUG: handleSimdShift StackLen=3
    spec_test_runner.go:124: Line 442: executing command type: assert_return
DEBUG: localGet idx=0 slot=0 val=123 type=epsilon.VectorType constant=epsilon.VectorType check=true
DEBUG: localGet idx=1 slot=2 val=127 type=epsilon.NumberType constant=epsilon.VectorType check=false
DEBUG: handleSimdShift StackLen=3
    spec_test_runner.go:124: Line 448: executing command type: assert_return
DEBUG: localGet idx=0 slot=0 val=123 type=epsilon.VectorType constant=epsilon.VectorType check=true
DEBUG: localGet idx=1 slot=2 val=127 type=epsilon.NumberType constant=epsilon.VectorType check=false
DEBUG: handleSimdShift StackLen=3
    spec_test_runner.go:124: Line 451: executing command type: assert_return
DEBUG: localGet idx=0 slot=0 val=123 type=epsilon.VectorType constant=epsilon.VectorType check=true
DEBUG: localGet idx=1 slot=2 val=127 type=epsilon.NumberType constant=epsilon.VectorType check=false
DEBUG: handleSimdShift StackLen=3
    spec_test_runner.go:124: Line 454: executing command type: assert_return
DEBUG: localGet idx=0 slot=0 val=123 type=epsilon.VectorType constant=epsilon.VectorType check=true
DEBUG: localGet idx=1 slot=2 val=127 type=epsilon.NumberType constant=epsilon.VectorType check=false
DEBUG: handleSimdShift StackLen=3
    spec_test_runner.go:124: Line 457: executing command type: assert_return
DEBUG: localGet idx=0 slot=0 val=123 type=epsilon.VectorType constant=epsilon.VectorType check=true
DEBUG: localGet idx=1 slot=2 val=127 type=epsilon.NumberType constant=epsilon.VectorType check=false
DEBUG: handleSimdShift StackLen=3
    spec_test_runner.go:124: Line 461: executing command type: assert_return
DEBUG: localGet idx=0 slot=0 val=123 type=epsilon.VectorType constant=epsilon.VectorType check=true
DEBUG: localGet idx=1 slot=2 val=127 type=epsilon.NumberType constant=epsilon.VectorType check=false
DEBUG: handleSimdShift StackLen=3
    spec_test_runner.go:124: Line 464: executing command type: assert_return
DEBUG: localGet idx=0 slot=0 val=123 type=epsilon.VectorType constant=epsilon.VectorType check=true
DEBUG: localGet idx=1 slot=2 val=127 type=epsilon.NumberType constant=epsilon.VectorType check=false
DEBUG: handleSimdShift StackLen=3
    spec_test_runner.go:124: Line 467: executing command type: assert_return
DEBUG: localGet idx=0 slot=0 val=123 type=epsilon.VectorType constant=epsilon.VectorType check=true
DEBUG: localGet idx=1 slot=2 val=127 type=epsilon.NumberType constant=epsilon.VectorType check=false
DEBUG: handleSimdShift StackLen=3
    spec_test_runner.go:124: Line 470: executing command type: assert_return
DEBUG: localGet idx=0 slot=0 val=123 type=epsilon.VectorType constant=epsilon.VectorType check=true
DEBUG: localGet idx=1 slot=2 val=127 type=epsilon.NumberType constant=epsilon.VectorType check=false
DEBUG: handleSimdShift StackLen=3
    spec_test_runner.go:124: Line 474: executing command type: assert_return
DEBUG: localGet idx=0 slot=0 val=123 type=epsilon.VectorType constant=epsilon.VectorType check=true
DEBUG: localGet idx=1 slot=2 val=127 type=epsilon.NumberType constant=epsilon.VectorType check=false
DEBUG: handleSimdShift StackLen=3
    spec_test_runner.go:124: Line 477: executing command type: assert_return
DEBUG: localGet idx=0 slot=0 val=123 type=epsilon.VectorType constant=epsilon.VectorType check=true
DEBUG: localGet idx=1 slot=2 val=127 type=epsilon.NumberType constant=epsilon.VectorType check=false
DEBUG: handleSimdShift StackLen=3
    spec_test_runner.go:124: Line 480: executing command type: assert_return
DEBUG: localGet idx=0 slot=0 val=123 type=epsilon.VectorType constant=epsilon.VectorType check=true
DEBUG: localGet idx=1 slot=2 val=127 type=epsilon.NumberType constant=epsilon.VectorType check=false
DEBUG: handleSimdShift StackLen=3
    spec_test_runner.go:124: Line 483: executing command type: assert_return
DEBUG: localGet idx=0 slot=0 val=123 type=epsilon.VectorType constant=epsilon.VectorType check=true
DEBUG: localGet idx=1 slot=2 val=127 type=epsilon.NumberType constant=epsilon.VectorType check=false
DEBUG: handleSimdShift StackLen=3
    spec_test_runner.go:124: Line 486: executing command type: assert_return
DEBUG: localGet idx=0 slot=0 val=123 type=epsilon.VectorType constant=epsilon.VectorType check=true
DEBUG: localGet idx=1 slot=2 val=127 type=epsilon.NumberType constant=epsilon.VectorType check=false
DEBUG: handleSimdShift StackLen=3
    spec_test_runner.go:124: Line 489: executing command type: assert_return
DEBUG: localGet idx=0 slot=0 val=123 type=epsilon.VectorType constant=epsilon.VectorType check=true
DEBUG: localGet idx=1 slot=2 val=127 type=epsilon.NumberType constant=epsilon.VectorType check=false
DEBUG: handleSimdShift StackLen=3
    spec_test_runner.go:124: Line 492: executing command type: assert_return
DEBUG: localGet idx=0 slot=0 val=123 type=epsilon.VectorType constant=epsilon.VectorType check=true
DEBUG: localGet idx=1 slot=2 val=127 type=epsilon.NumberType constant=epsilon.VectorType check=false
DEBUG: handleSimdShift StackLen=3
    spec_test_runner.go:124: Line 497: executing command type: assert_return
DEBUG: localGet idx=0 slot=0 val=123 type=epsilon.VectorType constant=epsilon.VectorType check=true
DEBUG: handleSimdShift StackLen=3
    spec_test_runner.go:124: Line 499: executing command type: assert_return
DEBUG: localGet idx=0 slot=0 val=123 type=epsilon.VectorType constant=epsilon.VectorType check=true
DEBUG: handleSimdShift StackLen=3
    spec_test_runner.go:124: Line 501: executing command type: assert_return
DEBUG: localGet idx=0 slot=0 val=123 type=epsilon.VectorType constant=epsilon.VectorType check=true
DEBUG: handleSimdShift StackLen=3
    spec_test_runner.go:124: Line 506: executing command type: assert_return
DEBUG: localGet idx=0 slot=0 val=123 type=epsilon.VectorType constant=epsilon.VectorType check=true
DEBUG: localGet idx=1 slot=2 val=127 type=epsilon.NumberType constant=epsilon.VectorType check=false
DEBUG: handleSimdShift StackLen=3
    spec_test_runner.go:124: Line 509: executing command type: assert_return
DEBUG: localGet idx=0 slot=0 val=123 type=epsilon.VectorType constant=epsilon.VectorType check=true
DEBUG: localGet idx=1 slot=2 val=127 type=epsilon.NumberType constant=epsilon.VectorType check=false
DEBUG: handleSimdShift StackLen=3
    spec_test_runner.go:124: Line 512: executing command type: assert_return
DEBUG: localGet idx=0 slot=0 val=123 type=epsilon.VectorType constant=epsilon.VectorType check=true
DEBUG: localGet idx=1 slot=2 val=127 type=epsilon.NumberType constant=epsilon.VectorType check=false
DEBUG: handleSimdShift StackLen=3
    spec_test_runner.go:124: Line 515: executing command type: assert_return
DEBUG: localGet idx=0 slot=0 val=123 type=epsilon.VectorType constant=epsilon.VectorType check=true
DEBUG: localGet idx=1 slot=2 val=127 type=epsilon.NumberType constant=epsilon.VectorType check=false
DEBUG: handleSimdShift StackLen=3
    spec_test_runner.go:124: Line 518: executing command type: assert_return
DEBUG: localGet idx=0 slot=0 val=123 type=epsilon.VectorType constant=epsilon.VectorType check=true
DEBUG: localGet idx=1 slot=2 val=127 type=epsilon.NumberType constant=epsilon.VectorType check=false
DEBUG: handleSimdShift StackLen=3
    spec_test_runner.go:124: Line 521: executing command type: assert_return
DEBUG: localGet idx=0 slot=0 val=123 type=epsilon.VectorType constant=epsilon.VectorType check=true
DEBUG: localGet idx=1 slot=2 val=127 type=epsilon.NumberType constant=epsilon.VectorType check=false
DEBUG: handleSimdShift StackLen=3
    spec_test_runner.go:124: Line 524: executing command type: assert_return
DEBUG: localGet idx=0 slot=0 val=123 type=epsilon.VectorType constant=epsilon.VectorType check=true
DEBUG: localGet idx=1 slot=2 val=127 type=epsilon.NumberType constant=epsilon.VectorType check=false
DEBUG: handleSimdShift StackLen=3
    spec_test_runner.go:124: Line 528: executing command type: assert_return
DEBUG: localGet idx=0 slot=0 val=123 type=epsilon.VectorType constant=epsilon.VectorType check=true
DEBUG: localGet idx=1 slot=2 val=127 type=epsilon.NumberType constant=epsilon.VectorType check=false
DEBUG: handleSimdShift StackLen=3
    spec_test_runner.go:124: Line 531: executing command type: assert_return
DEBUG: localGet idx=0 slot=0 val=123 type=epsilon.VectorType constant=epsilon.VectorType check=true
DEBUG: localGet idx=1 slot=2 val=127 type=epsilon.NumberType constant=epsilon.VectorType check=false
DEBUG: handleSimdShift StackLen=3
    spec_test_runner.go:124: Line 535: executing command type: assert_return
DEBUG: localGet idx=0 slot=0 val=123 type=epsilon.VectorType constant=epsilon.VectorType check=true
DEBUG: localGet idx=1 slot=2 val=127 type=epsilon.NumberType constant=epsilon.VectorType check=false
DEBUG: handleSimdShift StackLen=3
    spec_test_runner.go:124: Line 538: executing command type: assert_return
DEBUG: localGet idx=0 slot=0 val=123 type=epsilon.VectorType constant=epsilon.VectorType check=true
DEBUG: localGet idx=1 slot=2 val=127 type=epsilon.NumberType constant=epsilon.VectorType check=false
DEBUG: handleSimdShift StackLen=3
    spec_test_runner.go:124: Line 541: executing command type: assert_return
DEBUG: localGet idx=0 slot=0 val=123 type=epsilon.VectorType constant=epsilon.VectorType check=true
DEBUG: localGet idx=1 slot=2 val=127 type=epsilon.NumberType constant=epsilon.VectorType check=false
DEBUG: handleSimdShift StackLen=3
    spec_test_runner.go:124: Line 544: executing command type: assert_return
DEBUG: localGet idx=0 slot=0 val=123 type=epsilon.VectorType constant=epsilon.VectorType check=true
DEBUG: localGet idx=1 slot=2 val=127 type=epsilon.NumberType constant=epsilon.VectorType check=false
DEBUG: handleSimdShift StackLen=3
    spec_test_runner.go:124: Line 547: executing command type: assert_return
DEBUG: localGet idx=0 slot=0 val=123 type=epsilon.VectorType constant=epsilon.VectorType check=true
DEBUG: localGet idx=1 slot=2 val=127 type=epsilon.NumberType constant=epsilon.VectorType check=false
DEBUG: handleSimdShift StackLen=3
    spec_test_runner.go:124: Line 553: executing command type: assert_return
DEBUG: localGet idx=0 slot=0 val=123 type=epsilon.VectorType constant=epsilon.VectorType check=true
DEBUG: localGet idx=1 slot=2 val=127 type=epsilon.NumberType constant=epsilon.VectorType check=false
DEBUG: handleSimdShift StackLen=3
    spec_test_runner.go:124: Line 556: executing command type: assert_return
DEBUG: localGet idx=0 slot=0 val=123 type=epsilon.VectorType constant=epsilon.VectorType check=true
DEBUG: localGet idx=1 slot=2 val=127 type=epsilon.NumberType constant=epsilon.VectorType check=false
DEBUG: handleSimdShift StackLen=3
    spec_test_runner.go:124: Line 559: executing command type: assert_return
DEBUG: localGet idx=0 slot=0 val=123 type=epsilon.VectorType constant=epsilon.VectorType check=true
DEBUG: localGet idx=1 slot=2 val=127 type=epsilon.NumberType constant=epsilon.VectorType check=false
DEBUG: handleSimdShift StackLen=3
    spec_test_runner.go:124: Line 562: executing command type: assert_return
DEBUG: localGet idx=0 slot=0 val=123 type=epsilon.VectorType constant=epsilon.VectorType check=true
DEBUG: localGet idx=1 slot=2 val=127 type=epsilon.NumberType constant=epsilon.VectorType check=false
DEBUG: handleSimdShift StackLen=3
    spec_test_runner.go:124: Line 565: executing command type: assert_return
DEBUG: localGet idx=0 slot=0 val=123 type=epsilon.VectorType constant=epsilon.VectorType check=true
DEBUG: localGet idx=1 slot=2 val=127 type=epsilon.NumberType constant=epsilon.VectorType check=false
DEBUG: handleSimdShift StackLen=3
    spec_test_runner.go:124: Line 568: executing command type: assert_return
DEBUG: localGet idx=0 slot=0 val=123 type=epsilon.VectorType constant=epsilon.VectorType check=true
DEBUG: localGet idx=1 slot=2 val=127 type=epsilon.NumberType constant=epsilon.VectorType check=false
DEBUG: handleSimdShift StackLen=3
    spec_test_runner.go:124: Line 571: executing command type: assert_return
DEBUG: localGet idx=0 slot=0 val=123 type=epsilon.VectorType constant=epsilon.VectorType check=true
DEBUG: localGet idx=1 slot=2 val=127 type=epsilon.NumberType constant=epsilon.VectorType check=false
DEBUG: handleSimdShift StackLen=3
    spec_test_runner.go:124: Line 575: executing command type: assert_return
DEBUG: localGet idx=0 slot=0 val=123 type=epsilon.VectorType constant=epsilon.VectorType check=true
DEBUG: localGet idx=1 slot=2 val=127 type=epsilon.NumberType constant=epsilon.VectorType check=false
DEBUG: handleSimdShift StackLen=3
    spec_test_runner.go:124: Line 578: executing command type: assert_return
DEBUG: localGet idx=0 slot=0 val=123 type=epsilon.VectorType constant=epsilon.VectorType check=true
DEBUG: localGet idx=1 slot=2 val=127 type=epsilon.NumberType constant=epsilon.VectorType check=false
DEBUG: handleSimdShift StackLen=3
    spec_test_runner.go:124: Line 582: executing command type: assert_return
DEBUG: localGet idx=0 slot=0 val=123 type=epsilon.VectorType constant=epsilon.VectorType check=true
DEBUG: localGet idx=1 slot=2 val=127 type=epsilon.NumberType constant=epsilon.VectorType check=false
DEBUG: handleSimdShift StackLen=3
    spec_test_runner.go:124: Line 585: executing command type: assert_return
DEBUG: localGet idx=0 slot=0 val=123 type=epsilon.VectorType constant=epsilon.VectorType check=true
DEBUG: localGet idx=1 slot=2 val=127 type=epsilon.NumberType constant=epsilon.VectorType check=false
DEBUG: handleSimdShift StackLen=3
    spec_test_runner.go:124: Line 588: executing command type: assert_return
DEBUG: localGet idx=0 slot=0 val=123 type=epsilon.VectorType constant=epsilon.VectorType check=true
DEBUG: localGet idx=1 slot=2 val=127 type=epsilon.NumberType constant=epsilon.VectorType check=false
DEBUG: handleSimdShift StackLen=3
    spec_test_runner.go:124: Line 591: executing command type: assert_return
DEBUG: localGet idx=0 slot=0 val=123 type=epsilon.VectorType constant=epsilon.VectorType check=true
DEBUG: localGet idx=1 slot=2 val=127 type=epsilon.NumberType constant=epsilon.VectorType check=false
DEBUG: handleSimdShift StackLen=3
    spec_test_runner.go:124: Line 594: executing command type: assert_return
DEBUG: localGet idx=0 slot=0 val=123 type=epsilon.VectorType constant=epsilon.VectorType check=true
DEBUG: localGet idx=1 slot=2 val=127 type=epsilon.NumberType constant=epsilon.VectorType check=false
DEBUG: handleSimdShift StackLen=3
    spec_test_runner.go:124: Line 600: executing command type: assert_return
DEBUG: localGet idx=0 slot=0 val=123 type=epsilon.VectorType constant=epsilon.VectorType check=true
DEBUG: localGet idx=1 slot=2 val=127 type=epsilon.NumberType constant=epsilon.VectorType check=false
DEBUG: handleSimdShift StackLen=3
    spec_test_runner.go:124: Line 603: executing command type: assert_return
DEBUG: localGet idx=0 slot=0 val=123 type=epsilon.VectorType constant=epsilon.VectorType check=true
DEBUG: localGet idx=1 slot=2 val=127 type=epsilon.NumberType constant=epsilon.VectorType check=false
DEBUG: handleSimdShift StackLen=3
    spec_test_runner.go:124: Line 606: executing command type: assert_return
DEBUG: localGet idx=0 slot=0 val=123 type=epsilon.VectorType constant=epsilon.VectorType check=true
DEBUG: localGet idx=1 slot=2 val=127 type=epsilon.NumberType constant=epsilon.VectorType check=false
DEBUG: handleSimdShift StackLen=3
    spec_test_runner.go:124: Line 609: executing command type: assert_return
DEBUG: localGet idx=0 slot=0 val=123 type=epsilon.VectorType constant=epsilon.VectorType check=true
DEBUG: localGet idx=1 slot=2 val=127 type=epsilon.NumberType constant=epsilon.VectorType check=false
DEBUG: handleSimdShift StackLen=3
    spec_test_runner.go:124: Line 612: executing command type: assert_return
DEBUG: localGet idx=0 slot=0 val=123 type=epsilon.VectorType constant=epsilon.VectorType check=true
DEBUG: localGet idx=1 slot=2 val=127 type=epsilon.NumberType constant=epsilon.VectorType check=false
DEBUG: handleSimdShift StackLen=3
    spec_test_runner.go:124: Line 615: executing command type: assert_return
DEBUG: localGet idx=0 slot=0 val=123 type=epsilon.VectorType constant=epsilon.VectorType check=true
DEBUG: localGet idx=1 slot=2 val=127 type=epsilon.NumberType constant=epsilon.VectorType check=false
DEBUG: handleSimdShift StackLen=3
    spec_test_runner.go:124: Line 618: executing command type: assert_return
DEBUG: localGet idx=0 slot=0 val=123 type=epsilon.VectorType constant=epsilon.VectorType check=true
DEBUG: localGet idx=1 slot=2 val=127 type=epsilon.NumberType constant=epsilon.VectorType check=false
DEBUG: handleSimdShift StackLen=3
    spec_test_runner.go:124: Line 622: executing command type: assert_return
DEBUG: localGet idx=0 slot=0 val=123 type=epsilon.VectorType constant=epsilon.VectorType check=true
DEBUG: localGet idx=1 slot=2 val=127 type=epsilon.NumberType constant=epsilon.VectorType check=false
DEBUG: handleSimdShift StackLen=3
    spec_test_runner.go:124: Line 625: executing command type: assert_return
DEBUG: localGet idx=0 slot=0 val=123 type=epsilon.VectorType constant=epsilon.VectorType check=true
DEBUG: localGet idx=1 slot=2 val=127 type=epsilon.NumberType constant=epsilon.VectorType check=false
DEBUG: handleSimdShift StackLen=3
    spec_test_runner.go:124: Line 629: executing command type: assert_return
DEBUG: localGet idx=0 slot=0 val=123 type=epsilon.VectorType constant=epsilon.VectorType check=true
DEBUG: localGet idx=1 slot=2 val=127 type=epsilon.NumberType constant=epsilon.VectorType check=false
DEBUG: handleSimdShift StackLen=3
    spec_test_runner.go:124: Line 632: executing command type: assert_return
DEBUG: localGet idx=0 slot=0 val=123 type=epsilon.VectorType constant=epsilon.VectorType check=true
DEBUG: localGet idx=1 slot=2 val=127 type=epsilon.NumberType constant=epsilon.VectorType check=false
DEBUG: handleSimdShift StackLen=3
    spec_test_runner.go:124: Line 635: executing command type: assert_return
DEBUG: localGet idx=0 slot=0 val=123 type=epsilon.VectorType constant=epsilon.VectorType check=true
DEBUG: localGet idx=1 slot=2 val=127 type=epsilon.NumberType constant=epsilon.VectorType check=false
DEBUG: handleSimdShift StackLen=3
    spec_test_runner.go:124: Line 638: executing command type: assert_return
DEBUG: localGet idx=0 slot=0 val=123 type=epsilon.VectorType constant=epsilon.VectorType check=true
DEBUG: localGet idx=1 slot=2 val=127 type=epsilon.NumberType constant=epsilon.VectorType check=false
DEBUG: handleSimdShift StackLen=3
    spec_test_runner.go:124: Line 641: executing command type: assert_return
DEBUG: localGet idx=0 slot=0 val=123 type=epsilon.VectorType constant=epsilon.VectorType check=true
DEBUG: localGet idx=1 slot=2 val=127 type=epsilon.NumberType constant=epsilon.VectorType check=false
DEBUG: handleSimdShift StackLen=3
    spec_test_runner.go:124: Line 644: executing command type: assert_return
DEBUG: localGet idx=0 slot=0 val=123 type=epsilon.VectorType constant=epsilon.VectorType check=true
DEBUG: localGet idx=1 slot=2 val=127 type=epsilon.NumberType constant=epsilon.VectorType check=false
DEBUG: handleSimdShift StackLen=3
    spec_test_runner.go:124: Line 649: executing command type: assert_return
DEBUG: localGet idx=0 slot=0 val=123 type=epsilon.VectorType constant=epsilon.VectorType check=true
DEBUG: handleSimdShift StackLen=3
    spec_test_runner.go:124: Line 651: executing command type: assert_return
DEBUG: localGet idx=0 slot=0 val=123 type=epsilon.VectorType constant=epsilon.VectorType check=true
DEBUG: handleSimdShift StackLen=3
    spec_test_runner.go:124: Line 653: executing command type: assert_return
DEBUG: localGet idx=0 slot=0 val=123 type=epsilon.VectorType constant=epsilon.VectorType check=true
DEBUG: handleSimdShift StackLen=3
    spec_test_runner.go:124: Line 658: executing command type: module
    spec_test_runner.go:124: Line 949: executing command type: assert_return
DEBUG: handleSimdShift StackLen=2
--- FAIL: TestSimdSpec (0.02s)
    --- FAIL: TestSimdSpec/simd_bit_shift.wast (0.02s)
panic: runtime error: index out of range [-1] [recovered, repanicked]

goroutine 8 [running]:
testing.tRunner.func1.2({0x5f2280, 0xc0002da2b8})
	/home/andrea/go/pkg/mod/golang.org/toolchain@v0.0.1-go1.25.1.linux-amd64/src/testing/testing.go:1872 +0x237
testing.tRunner.func1()
	/home/andrea/go/pkg/mod/golang.org/toolchain@v0.0.1-go1.25.1.linux-amd64/src/testing/testing.go:1875 +0x35b
panic({0x5f2280?, 0xc0002da2b8?})
	/home/andrea/go/pkg/mod/golang.org/toolchain@v0.0.1-go1.25.1.linux-amd64/src/runtime/panic.go:783 +0x132
github.com/ziggy42/epsilon/epsilon.(*valueStack).popV128(...)
	/home/andrea/code/epsilon/epsilon/value_stack.go:103
github.com/ziggy42/epsilon/epsilon.(*vm).handleSimdShift(0xc0001d0480, 0x616448)
	/home/andrea/code/epsilon/epsilon/vm.go:1730 +0x168
github.com/ziggy42/epsilon/epsilon.(*vm).executeInstruction(0xc0001d0480, 0xc000210000?)
	/home/andrea/code/epsilon/epsilon/vm.go:1073 +0x64c8
github.com/ziggy42/epsilon/epsilon.(*vm).runLoop(0xc0001d0480)
	/home/andrea/code/epsilon/epsilon/vm.go:342 +0x57
github.com/ziggy42/epsilon/epsilon.(*vm).invokeWasmFunction(0xc0001d0480, 0xc0001d1200)
	/home/andrea/code/epsilon/epsilon/vm.go:328 +0x778
github.com/ziggy42/epsilon/epsilon.(*vm).invokeFunction(0xc0001dcbe8?, {0x6529a0?, 0xc0001d1200?})
	/home/andrea/code/epsilon/epsilon/vm.go:232 +0x5e
github.com/ziggy42/epsilon/epsilon.(*vm).invoke(0xc0001d0480, {0x6529a0, 0xc0001d1200}, {0xc000091c38, 0x0, 0x0})
	/home/andrea/code/epsilon/epsilon/vm.go:223 +0x79
github.com/ziggy42/epsilon/epsilon.(*ModuleInstance).Invoke(0xc0001f4f70, {0xc000016d50, 0x12}, {0xc000091c38, 0x0, 0x0})
	/home/andrea/code/epsilon/epsilon/instance.go:55 +0x15e
github.com/ziggy42/epsilon/internal/spec_tests.(*specTestRunner).handleAction(0x49?, 0xc0001ea000)
	/home/andrea/code/epsilon/internal/spec_tests/spec_test_runner.go:282 +0x377
github.com/ziggy42/epsilon/internal/spec_tests.(*specTestRunner).handleAssertReturn(0xc0001fa000, {{0xc0001e81e0, 0xd}, 0x3b5, {0x0, 0x0}, {0x0, 0x0}, 0xc0001ea000, {0x7d05e0, ...}, ...})
	/home/andrea/code/epsilon/internal/spec_tests/spec_test_runner.go:196 +0x2f
github.com/ziggy42/epsilon/internal/spec_tests.(*specTestRunner).run(0xc0001fa000, {0xc0001de008?, 0x791940?, 0xc00004ef60?})
	/home/andrea/code/epsilon/internal/spec_tests/spec_test_runner.go:129 +0x3a5
github.com/ziggy42/epsilon/internal/spec_tests.testSpec.func1(0xc000003dc0)
	/home/andrea/code/epsilon/internal/spec_tests/spec_test.go:44 +0x97
testing.tRunner(0xc000003dc0, 0xc00000e120)
	/home/andrea/go/pkg/mod/golang.org/toolchain@v0.0.1-go1.25.1.linux-amd64/src/testing/testing.go:1934 +0xea
created by testing.(*T).Run in goroutine 7
	/home/andrea/go/pkg/mod/golang.org/toolchain@v0.0.1-go1.25.1.linux-amd64/src/testing/testing.go:1997 +0x465
FAIL	github.com/ziggy42/epsilon/internal/spec_tests	0.026s
FAIL
